....................................................................F... [ 35%]
........................................................................ [ 70%]
...........................................................              [100%]
================================== FAILURES ===================================
____ test_closed_supplement_selected_in_preview_is_used_by_browser_export _____

opening_book = (<ai_accounting.kernel.engine.Engine object at 0x00000241598169F0>, <function book.<locals>.save at 0x0000024151F26A20...ction book.<locals>.package at 0x0000024151F25620>, '3224f4d947e002dc39e61674bad2081a57f07538cf9e24d111ebc3c05917ce6f')

    def test_closed_supplement_selected_in_preview_is_used_by_browser_export(opening_book):
        opening_cases.test_midyear_report_supplement_after_close_is_an_explicit_frozen_reference(
            opening_book
        )
        engine = opening_book[0]
        dashboard = Dashboard(engine)
>       default = dashboard.quarterly_report(2026, 3)
                  ^^^^^^^^^^^^^^^^^^^^^^^^^^^^^^^^^^^

tests\kernel\test_dashboard_reports_adapter.py:91: 
_ _ _ _ _ _ _ _ _ _ _ _ _ _ _ _ _ _ _ _ _ _ _ _ _ _ _ _ _ _ _ _ _ _ _ _ _ _ _ _
src\ai_accounting\kernel\dashboard.py:2394: in quarterly_report
    reports.browser_report_details(plan, closed, connection=connection),
    ^^^^^^^^^^^^^^^^^^^^^^^^^^^^^^^^^^^^^^^^^^^^^^^^^^^^^^^^^^^^^^^^^^^
src\ai_accounting\kernel\reports.py:1928: in browser_report_details
    _verify_report_fact_sources(connection, reads, identifiers)
src\ai_accounting\kernel\reports.py:773: in _verify_report_fact_sources
    verify_sources(reads.engine, connection, fact_ids=missing)
src\ai_accounting\kernel\integrity.py:1409: in verify_sources
    source = _check_sources(
src\ai_accounting\kernel\integrity.py:282: in _check_sources
    facts, evidence_ids = _check_facts(
src\ai_accounting\kernel\integrity.py:178: in _check_facts
    _invalid("fact", ident, "fact_digest_mismatch")
_ _ _ _ _ _ _ _ _ _ _ _ _ _ _ _ _ _ _ _ _ _ _ _ _ _ _ _ _ _ _ _ _ _ _ _ _ _ _ _

component = 'fact', ident = '146e337a2ff448fa80785231eaacc494'
reason = 'fact_digest_mismatch'

    def _invalid(component, ident, reason):
>       raise KernelError(
            "content_integrity_failed",
            "已保存的核算内容或来源关系不一致",
            component=component,
            record_id=str(ident),
            reason=reason,
        )
E       ai_accounting.kernel.contracts.KernelError: 已保存的核算内容或来源关系不一致

src\ai_accounting\kernel\integrity.py:27: KernelError
============================ slowest 10 durations =============================
56.20s call     tests/kernel/test_dashboard_projection.py::test_summary_and_detail_pages_do_not_truncate_financial_totals
12.84s call     tests/kernel/test_stage9_registered_verifier.py::test_switch_read_existing_reverifies_without_creating_and_rejects_changed_checkpoint
12.47s setup    tests/kernel/test_dashboard_bounded_reads.py::test_dashboard_does_not_decode_unrelated_funding_history[brief]
9.90s call     tests/kernel/test_dashboard_funds_alignment.py::test_account_filter_covers_movements_beyond_the_first_500
6.93s call     tests/kernel/test_report_projection.py::test_year_end_party_checkpoint_preserves_exact_payable
6.89s call     tests/kernel/test_employee_role_identity_scope.py::test_closed_historical_payroll_role_must_be_proved_before_employee_selection[old-posted]
6.64s call     tests/kernel/test_stage9_registered_verifier.py::test_sample_verification_uses_registered_reader_and_preserves_failure[False]
6.30s call     tests/kernel/test_employee_role_identity_scope.py::test_closed_historical_payroll_role_must_be_proved_before_employee_selection[old-zero-line]
6.11s call     tests/kernel/test_stage9_registered_verifier.py::test_switch_company_verification_uses_installed_reader
5.53s call     tests/kernel/test_dashboard_metadata.py::test_profile_key_iteration_and_entity_batch_do_not_decode_other_records
=========================== short test summary info ===========================
FAILED tests/kernel/test_dashboard_reports_adapter.py::test_closed_supplement_selected_in_preview_is_used_by_browser_export
1 failed, 202 passed in 465.20s (0:07:45)
